{"error":"jwt expired","level":"error","message":"Token verification failed","timestamp":"2025-06-02T13:40:08.626Z"}
{"error":"jwt expired","level":"error","message":"Token verification failed","timestamp":"2025-06-02T13:40:08.671Z"}
{"error":"jwt expired","level":"error","message":"Token verification failed","timestamp":"2025-06-02T13:56:45.555Z"}
{"error":"jwt expired","level":"error","message":"Token verification failed","timestamp":"2025-06-02T13:56:45.595Z"}
{"level":"error","message":"Invalid res object:","timestamp":"2025-06-02T13:56:52.741Z"}
{"error":"jwt expired","level":"error","message":"Token verification failed","timestamp":"2025-06-02T13:57:08.780Z"}
{"error":"jwt expired","level":"error","message":"Token verification failed","timestamp":"2025-06-02T13:57:08.801Z"}
{"level":"error","message":"Invalid res object:","timestamp":"2025-06-02T13:57:12.768Z"}
{"error":"jwt expired","level":"error","message":"Token verification failed","timestamp":"2025-06-02T13:57:22.163Z"}
{"error":"jwt expired","level":"error","message":"Token verification failed","timestamp":"2025-06-02T13:57:22.175Z"}
{"level":"error","message":"Invalid res object:","timestamp":"2025-06-02T13:57:26.142Z"}
{"level":"error","message":"Invalid res object:","timestamp":"2025-06-02T13:57:26.157Z"}
{"error":"jwt expired","level":"error","message":"Token verification failed","timestamp":"2025-06-02T14:09:36.995Z"}
{"error":"jwt expired","level":"error","message":"Token verification failed","timestamp":"2025-06-02T14:09:37.052Z"}
{"level":"error","message":"Invalid res object:","timestamp":"2025-06-02T14:10:43.143Z"}
{"level":"error","message":"Invalid res object:","timestamp":"2025-06-02T14:10:56.558Z"}
{"level":"error","message":"Invalid res object:","timestamp":"2025-06-02T14:10:56.573Z"}
{"level":"error","message":"Invalid res object:","timestamp":"2025-06-02T14:11:03.150Z"}
{"level":"error","message":"Invalid res object:","timestamp":"2025-06-02T14:11:09.338Z"}
{"level":"error","message":"Invalid res object:","timestamp":"2025-06-02T14:11:21.720Z"}
{"level":"error","message":"Invalid res object:","timestamp":"2025-06-02T14:11:21.752Z"}
{"level":"error","message":"Invalid res object:","timestamp":"2025-06-02T14:11:23.599Z"}
{"level":"error","message":"Invalid res object:","timestamp":"2025-06-02T14:11:44.809Z"}
{"level":"error","message":"Invalid res object:","timestamp":"2025-06-02T14:11:44.809Z"}
{"level":"error","message":"Invalid res object:","timestamp":"2025-06-02T17:09:24.896Z"}
{"level":"error","message":"Invalid res object:","timestamp":"2025-06-02T17:09:24.925Z"}
{"level":"error","message":"Invalid res object:","timestamp":"2025-06-02T17:09:31.875Z"}
{"level":"error","message":"Invalid res object:","timestamp":"2025-06-02T17:10:52.538Z"}
{"level":"error","message":"Invalid res object:","timestamp":"2025-06-02T17:11:12.582Z"}
{"error":"connect ECONNREFUSED ::1:27017","level":"error","message":"❌ MongoDB Connection Error:","timestamp":"2025-06-02T17:27:14.939Z"}
{"error":"connect ECONNREFUSED ::1:27017","level":"error","message":"❌ MongoDB Connection Error:","timestamp":"2025-06-02T17:27:50.009Z"}
{"error":"connect ECONNREFUSED ::1:27017","level":"error","message":"❌ MongoDB Connection Error:","timestamp":"2025-06-02T17:28:25.043Z"}
{"error":"connect ECONNREFUSED ::1:27017","level":"error","message":"❌ MongoDB Connection Error:","timestamp":"2025-06-02T17:29:00.088Z"}
{"error":"connect ECONNREFUSED ::1:27017","level":"error","message":"❌ MongoDB Connection Error:","timestamp":"2025-06-02T17:29:35.146Z"}
{"error":"connect ECONNREFUSED ::1:27017","level":"error","message":"❌ MongoDB Connection Error:","timestamp":"2025-06-02T17:30:23.982Z"}
{"error":"invalid signature","level":"error","message":"Token verification failed","timestamp":"2025-06-02T17:40:45.468Z"}
{"error":"Unauthorized: Invalid token","level":"error","message":"Server error:","stack":"Error: Unauthorized: Invalid token\n    at C:\\Users\\aswin\\OneDrive\\Desktop\\ai_project\\backend\\middleware\\authMiddleware.js:39:13\n    at asyncUtilWrap (C:\\Users\\aswin\\OneDrive\\Desktop\\ai_project\\backend\\node_modules\\express-async-handler\\index.js:3:20)\n    at Layer.handle [as handle_request] (C:\\Users\\aswin\\OneDrive\\Desktop\\ai_project\\backend\\node_modules\\express\\lib\\router\\layer.js:95:5)\n    at next (C:\\Users\\aswin\\OneDrive\\Desktop\\ai_project\\backend\\node_modules\\express\\lib\\router\\route.js:149:13)\n    at Route.dispatch (C:\\Users\\aswin\\OneDrive\\Desktop\\ai_project\\backend\\node_modules\\express\\lib\\router\\route.js:119:3)\n    at Layer.handle [as handle_request] (C:\\Users\\aswin\\OneDrive\\Desktop\\ai_project\\backend\\node_modules\\express\\lib\\router\\layer.js:95:5)\n    at C:\\Users\\aswin\\OneDrive\\Desktop\\ai_project\\backend\\node_modules\\express\\lib\\router\\index.js:284:15\n    at Function.process_params (C:\\Users\\aswin\\OneDrive\\Desktop\\ai_project\\backend\\node_modules\\express\\lib\\router\\index.js:346:12)\n    at next (C:\\Users\\aswin\\OneDrive\\Desktop\\ai_project\\backend\\node_modules\\express\\lib\\router\\index.js:280:10)\n    at Function.handle (C:\\Users\\aswin\\OneDrive\\Desktop\\ai_project\\backend\\node_modules\\express\\lib\\router\\index.js:175:3)","timestamp":"2025-06-02T17:40:45.472Z"}
{"error":"invalid signature","level":"error","message":"Token verification failed","timestamp":"2025-06-02T17:40:45.481Z"}
{"error":"Unauthorized: Invalid token","level":"error","message":"Server error:","stack":"Error: Unauthorized: Invalid token\n    at C:\\Users\\aswin\\OneDrive\\Desktop\\ai_project\\backend\\middleware\\authMiddleware.js:39:13\n    at asyncUtilWrap (C:\\Users\\aswin\\OneDrive\\Desktop\\ai_project\\backend\\node_modules\\express-async-handler\\index.js:3:20)\n    at Layer.handle [as handle_request] (C:\\Users\\aswin\\OneDrive\\Desktop\\ai_project\\backend\\node_modules\\express\\lib\\router\\layer.js:95:5)\n    at next (C:\\Users\\aswin\\OneDrive\\Desktop\\ai_project\\backend\\node_modules\\express\\lib\\router\\route.js:149:13)\n    at Route.dispatch (C:\\Users\\aswin\\OneDrive\\Desktop\\ai_project\\backend\\node_modules\\express\\lib\\router\\route.js:119:3)\n    at Layer.handle [as handle_request] (C:\\Users\\aswin\\OneDrive\\Desktop\\ai_project\\backend\\node_modules\\express\\lib\\router\\layer.js:95:5)\n    at C:\\Users\\aswin\\OneDrive\\Desktop\\ai_project\\backend\\node_modules\\express\\lib\\router\\index.js:284:15\n    at Function.process_params (C:\\Users\\aswin\\OneDrive\\Desktop\\ai_project\\backend\\node_modules\\express\\lib\\router\\index.js:346:12)\n    at next (C:\\Users\\aswin\\OneDrive\\Desktop\\ai_project\\backend\\node_modules\\express\\lib\\router\\index.js:280:10)\n    at Function.handle (C:\\Users\\aswin\\OneDrive\\Desktop\\ai_project\\backend\\node_modules\\express\\lib\\router\\index.js:175:3)","timestamp":"2025-06-02T17:40:45.484Z"}
